// Jest Snapshot v1, https://goo.gl/fbAQLP

exports[`Email render successfully 1`] = `
<Route>
  <Component />
</Route>
`;
